
> noma-client@1.0.0 build
> vite build --debug

2026-06-06T16:04:10.187Z vite:config bundled config file loaded in 43.23ms
2026-06-06T16:04:10.226Z vite:config using resolved config: {
  plugins: [
    'vite:build-metadata',
    'vite:watch-package-data',
    'vite:pre-alias',
    'alias',
    'vite:react-babel',
    'vite:react-refresh',
    'vite:modulepreload-polyfill',
    'vite:resolve',
    'vite:html-inline-proxy',
    'vite:css',
    'vite:esbuild',
    'vite:json',
    'vite:wasm-helper',
    'vite:worker',
    'vite:asset',
    'vite:wasm-fallback',
    'vite:define',
    'vite:css-post',
    'vite:build-html',
    'vite:worker-import-meta-url',
    'vite:asset-import-meta-url',
    'vite:force-systemjs-wrap-complete',
    'commonjs',
    'vite:data-uri',
    'vite:dynamic-import-vars',
    'vite:import-glob',
    'vite:build-import-analysis',
    'vite:esbuild-transpile',
    'vite:terser',
    'vite:reporter',
    'vite:load-fallback'
  ],
  base: '/',
  build: {
    target: [ 'es2020', 'edge88', 'firefox78', 'chrome87', 'safari14' ],
    cssTarget: [ 'es2020', 'edge88', 'firefox78', 'chrome87', 'safari14' ],
    outDir: 'dist',
    assetsDir: 'assets',
    assetsInlineLimit: 4096,
    cssCodeSplit: true,
    sourcemap: false,
    rollupOptions: { onwarn: [Function: onwarn] },
    minify: 'esbuild',
    terserOptions: {},
    write: true,
    emptyOutDir: true,
    copyPublicDir: true,
    manifest: false,
    lib: false,
    ssr: false,
    ssrManifest: false,
    ssrEmitAssets: false,
    reportCompressedSize: true,
    chunkSizeWarningLimit: 500,
    watch: null,
    commonjsOptions: { include: [Array], extensions: [Array] },
    dynamicImportVarsOptions: { warnOnError: true, exclude: [Array] },
    modulePreload: { polyfill: true },
    cssMinify: true
  },
  server: {
    preTransformRequests: true,
    host: '0.0.0.0',
    port: 5173,
    strictPort: false,
    hmr: {
      protocol: 'ws',
      host: 'localhost',
      clientPort: 5173,
      path: '/vite-hmr',
      overlay: true
    },
    allowedHosts: [
      'localhost',
      '127.0.0.1',
      '0.0.0.0',
      'nora365.co.kr',
      'www.nora365.co.kr',
      'm.nora365.co.kr',
      'api.nora365.co.kr',
      'cdn.nora365.co.kr',
      '.nora365.co.kr'
    ],
    cors: true,
    proxy: {
      '/api': [Object],
      '/ws': [Object],
      '/uploads': [Object],
      '/shops': [Object],
      '/reviews': [Object],
      '/reservations': [Object],
      '/payments': [Object],
      '/payment': [Object],
      '/auth': [Object],
      '/admin': [Object]
    },
    sourcemapIgnoreList: [Function: isInNodeModules$1],
    middlewareMode: false,
    fs: {
      strict: true,
      allow: [Array],
      deny: [Array],
      cachedChecks: undefined
    }
  },
  preview: {
    port: 4173,
    strictPort: false,
    host: '0.0.0.0',
    allowedHosts: [
      'localhost',
      '127.0.0.1',
      '0.0.0.0',
      'nora365.co.kr',
      'www.nora365.co.kr',
      'm.nora365.co.kr',
      'api.nora365.co.kr',
      'cdn.nora365.co.kr',
      '.nora365.co.kr'
    ],
    https: undefined,
    open: undefined,
    proxy: {
      '/api': [Object],
      '/ws': [Object],
      '/uploads': [Object],
      '/shops': [Object],
      '/reviews': [Object],
      '/reservations': [Object],
      '/payments': [Object],
      '/payment': [Object],
      '/auth': [Object],
      '/admin': [Object]
    },
    cors: true,
    headers: undefined
  },
  define: { 'process.env.NODE_ENV': '"production"' },
  esbuild: { jsxDev: false, jsx: 'automatic', jsxImportSource: undefined },
  optimizeDeps: {
    holdUntilCrawlEnd: true,
    esbuildOptions: { preserveSymlinks: false, jsx: 'automatic' },
    include: [
      'react',
      'react-dom',
      'react/jsx-dev-runtime',
      'react/jsx-runtime'
    ]
  },
  resolve: {
    mainFields: [ 'browser', 'module', 'jsnext:main', 'jsnext' ],
    conditions: [],
    extensions: [
      '.mjs',  '.js',
      '.mts',  '.ts',
      '.jsx',  '.tsx',
      '.json'
    ],
    dedupe: [ 'react', 'react-dom' ],
    preserveSymlinks: false,
    alias: [ [Object], [Object] ]
  },
  configFile: '/home/ubuntu/noma-project/client/vite.config.js',
  configFileDependencies: [ '/home/ubuntu/noma-project/client/vite.config.js' ],
  inlineConfig: {
    root: undefined,
    base: undefined,
    mode: undefined,
    configFile: undefined,
    logLevel: undefined,
    clearScreen: undefined,
    build: {}
  },
  root: '/home/ubuntu/noma-project/client',
  decodedBase: '/',
  rawBase: '/',
  publicDir: '/home/ubuntu/noma-project/client/public',
  cacheDir: '/home/ubuntu/noma-project/client/node_modules/.vite',
  command: 'build',
  mode: 'production',
  ssr: {
    target: 'node',
    optimizeDeps: { noDiscovery: true, esbuildOptions: [Object] }
  },
  isWorker: false,
  mainConfig: null,
  bundleChain: [],
  isProduction: true,
  css: { lightningcss: undefined },
  envDir: '/home/ubuntu/noma-project/client',
  env: { BASE_URL: '/', MODE: 'production', DEV: false, PROD: true },
  assetsInclude: [Function: assetsInclude],
  logger: {
    hasWarned: false,
    info: [Function: info],
    warn: [Function: warn],
    warnOnce: [Function: warnOnce],
    error: [Function: error],
    clearScreen: [Function: clearScreen],
    hasErrorLogged: [Function: hasErrorLogged]
  },
  packageCache: Map(1) {
    'fnpd_/home/ubuntu/noma-project/client' => {
      dir: '/home/ubuntu/noma-project/client',
      data: [Object],
      hasSideEffects: [Function: hasSideEffects],
      webResolvedImports: {},
      nodeResolvedImports: {},
      setResolvedCache: [Function: setResolvedCache],
      getResolvedCache: [Function: getResolvedCache]
    },
    set: [Function (anonymous)]
  },
  createResolver: [Function: createResolver],
  worker: { format: 'iife', plugins: '() => plugins', rollupOptions: {} },
  appType: 'spa',
  experimental: { importGlobRestoreExtension: false, hmrPartialAccept: false },
  webSocketToken: 'z-fMPumvOg2-',
  additionalAllowedHosts: [ '0.0.0.0', 'localhost', '0.0.0.0' ],
  getSortedPlugins: [Function: getSortedPlugins],
  getSortedPluginHooks: [Function: getSortedPluginHooks]
}
vite v5.4.21 building for production...
transforming...
✓ 93 modules transformed.
x Build failed in 1.76s
error during build:
Could not resolve "../../services/shop.api" from "src/pages/AdminDashboard.jsx"
file: /home/ubuntu/noma-project/client/src/pages/AdminDashboard.jsx
    at getRollupError (file:///home/ubuntu/noma-project/client/node_modules/rollup/dist/es/shared/parseAst.js:406:41)
    at error (file:///home/ubuntu/noma-project/client/node_modules/rollup/dist/es/shared/parseAst.js:402:42)
    at ModuleLoader.handleInvalidResolvedId (file:///home/ubuntu/noma-project/client/node_modules/rollup/dist/es/shared/node-entry.js:22120:24)
    at file:///home/ubuntu/noma-project/client/node_modules/rollup/dist/es/shared/node-entry.js:22080:26
